<div id='profile'>
    <div class='left column'>
        <div id='date'>2010/02/18</div>
        <div id='address'>Toronto, ON</div>
    </div>
    <div class='right column'>
        <div id='bio'>Jesse Miller</div>
    </div>
</div>
